// Jest Snapshot v1, https://goo.gl/fbAQLP

exports[`repeatableMockFunctionBuilder should build a function when a repeatMode of 'first' is given 1`] = `
ResponseBuilder {
  "response": " 200  something",
}
`;

exports[`repeatableMockFunctionBuilder should build a function when a repeatMode of 'last' is given and invocations do not exceed the number of repeats 1`] = `
ResponseBuilder {
  "response": " 200  something",
}
`;

exports[`repeatableMockFunctionBuilder should build a function when a repeatMode of 'last' is given and invocations exceed the number of repeats 1`] = `
ResponseBuilder {
  "response": " 200  something",
}
`;

exports[`repeatableMockFunctionBuilder should build a function when no input is given 1`] = `
ResponseBuilder {
  "response": " 200  something",
}
`;
